Signal	Num_SNP	CPIP_qtl	CPIP_gwas_marginal	CPIP_gwas_qtl_prior	RCP	LCP
ENSG00000039139:1(@)ENSG00000039139:2      2  1.000e+00 3.832e-04    1.765e-02      1.748e-02	1.765e-02
ENSG00000050767:2(@)ENSG00000050767:2     10  9.984e-01 1.546e-01    5.808e-01      5.147e-01	5.807e-01
ENSG00000053108:1(@)ENSG00000053108:2     11  9.953e-01 2.234e-03    7.931e-03      5.929e-03	7.921e-03
ENSG00000072571:1(@)ENSG00000072571:1    104  7.619e-01 2.256e-01    3.167e-01      1.335e-01	2.713e-01
ENSG00000078295:3(@)ENSG00000078295:2      1  3.234e-04 1.107e-02    1.059e-02      3.255e-04	3.255e-04
ENSG00000112874:1(@)ENSG00000112874:2    126  9.988e-01 9.596e-02    1.488e-01      6.563e-02	1.487e-01
ENSG00000113163:2(@)ENSG00000113163:2     39  4.167e-01 1.514e-01    3.231e-01      2.132e-01	2.566e-01
ENSG00000113163:1(@)ENSG00000113163:1     15  5.601e-01 1.092e-01    3.873e-01      3.209e-01	3.560e-01
ENSG00000113318:1(@)ENSG00000113318:2      1  9.906e-01 4.801e-02    8.257e-01      8.256e-01	8.256e-01
ENSG00000113391:1(@)ENSG00000113391:1     19  8.546e-01 1.920e-01    6.077e-01      5.265e-01	5.947e-01
ENSG00000113494:1(@)ENSG00000113494:1      6  9.988e-01 3.385e-01    8.934e-01      8.511e-01	8.933e-01
ENSG00000113532:2(@)ENSG00000113532:3      6  7.912e-01 1.291e-04    5.568e-03      5.503e-03	5.543e-03
ENSG00000113558:1(@)ENSG00000113558:2      1  9.956e-01 9.971e-01    1.000e+00      9.999e-01	9.999e-01
ENSG00000113558:2(@)ENSG00000113558:3     11  2.911e-02 1.571e-01    1.913e-01      5.201e-02	5.541e-02
ENSG00000113578:2(@)ENSG00000113578:3      1  5.348e-02 2.865e-02    1.450e-01      1.229e-01	1.229e-01
ENSG00000113578:1(@)ENSG00000113578:2      7  9.968e-01 4.067e-01    9.250e-01      8.860e-01	9.248e-01
ENSG00000113583:1(@)ENSG00000113583:1     75  9.914e-01 9.775e-01    9.908e-01      6.276e-01	9.875e-01
ENSG00000113600:1(@)ENSG00000113600:1     11  9.981e-01 8.033e-01    9.820e-01      9.230e-01	9.819e-01
ENSG00000113600:2(@)ENSG00000113600:3      4  9.900e-01 1.541e-02    3.083e-01      3.012e-01	3.082e-01
ENSG00000113657:3(@)ENSG00000113657:3     33  1.203e-01 1.106e-02    1.424e-02      4.055e-03	5.200e-03
ENSG00000118322:1(@)ENSG00000118322:2      3  9.993e-01 3.843e-01    9.534e-01      9.357e-01	9.534e-01
ENSG00000118985:1(@)ENSG00000118985:2      4  9.142e-01 9.476e-01    9.961e-01      9.405e-01	9.904e-01
ENSG00000120149:1(@)ENSG00000120149:1      1  9.964e-01 9.345e-01    9.993e-01      9.992e-01	9.992e-01
ENSG00000120149:3(@)ENSG00000120149:2      1  1.149e-02 1.674e-02    3.231e-02      1.721e-02	1.721e-02
ENSG00000120727:1(@)ENSG00000120727:2      1  9.981e-01 3.526e-03    2.509e-01      2.509e-01	2.509e-01
ENSG00000127022:2(@)ENSG00000127022:3     73  9.672e-01 8.497e-03    1.098e-02      3.151e-03	1.071e-02
ENSG00000131507:1(@)ENSG00000131507:1      1  9.994e-01 8.676e-02    9.001e-01      9.001e-01	9.001e-01
ENSG00000134986:3(@)ENSG00000134986:1      4  1.462e-02 8.275e-02    9.013e-02      1.416e-02	1.509e-02
ENSG00000145506:1(@)ENSG00000145506:1      2  9.662e-01 2.301e-03    6.130e-03      4.044e-03	6.055e-03
ENSG00000145506:2(@)ENSG00000145506:3     10  7.854e-02 5.569e-03    8.766e-03      3.655e-03	4.007e-03
ENSG00000145569:2(@)ENSG00000145569:2      2  9.948e-01 9.935e-01    9.998e-01      9.832e-01	9.997e-01
ENSG00000145569:1(@)ENSG00000145569:1      4  9.948e-01 9.935e-01    9.998e-01      9.859e-01	9.997e-01
ENSG00000145569:3(@)ENSG00000145569:3      6  1.688e-02 2.116e-02    2.497e-02      5.478e-03	5.741e-03
ENSG00000145632:1(@)ENSG00000145632:2      5  9.480e-01 2.942e-03    4.110e-02      3.885e-02	4.095e-02
ENSG00000145715:1(@)ENSG00000145715:1     26  9.502e-01 5.966e-01    9.302e-01      8.428e-01	9.253e-01
ENSG00000145723:1(@)ENSG00000145723:1     17  8.607e-01 1.111e-01    4.222e-01      3.588e-01	4.125e-01
ENSG00000145730:1(@)ENSG00000145730:2      7  9.992e-01 9.948e-01    9.998e-01      9.742e-01	9.998e-01
ENSG00000145730:2(@)ENSG00000145730:3      5  5.419e-01 6.408e-01    9.193e-01      7.936e-01	8.567e-01
ENSG00000145782:4(@)ENSG00000145782:1      3  7.129e-02 9.895e-02    2.523e-01      1.779e-01	1.814e-01
ENSG00000145782:3(@)ENSG00000145782:2     37  2.987e-01 3.100e-01    4.752e-01      2.592e-01	3.200e-01
ENSG00000145882:3(@)ENSG00000145882:1     36  7.202e-02 9.681e-01    9.717e-01      1.770e-01	2.304e-01
ENSG00000145916:1(@)ENSG00000145916:1      2  9.992e-01 5.797e-01    9.880e-01      9.824e-01	9.880e-01
ENSG00000145934:1(@)ENSG00000145934:1     11  9.999e-01 9.999e-01    1.000e+00      8.170e-01	1.000e+00
ENSG00000145934:2(@)ENSG00000145934:3      1  9.999e-01 3.993e-01    9.844e-01      9.844e-01	9.844e-01
ENSG00000145934:4(@)ENSG00000145934:4      1  2.823e-04 2.766e-02    2.639e-02      7.109e-04	7.109e-04
ENSG00000145936:3(@)ENSG00000145936:2      1  1.021e-02 1.131e-02    2.069e-02      1.041e-02	1.041e-02
ENSG00000145936:1(@)ENSG00000145936:1      3  9.968e-01 3.358e-01    9.436e-01      9.261e-01	9.435e-01
ENSG00000146006:1(@)ENSG00000146006:2    119  9.921e-01 5.635e-01    7.070e-01      3.598e-01	7.041e-01
ENSG00000150756:1(@)ENSG00000150756:3     26  9.998e-01 2.025e-02    9.840e-02      8.192e-02	9.839e-02
ENSG00000150756:4(@)ENSG00000150756:2      2  9.889e-04 7.125e-02    7.115e-02      5.133e-03	5.145e-03
ENSG00000152495:1(@)ENSG00000152495:1     76  4.353e-01 6.942e-02    9.812e-02      3.610e-02	6.225e-02
ENSG00000152931:1(@)ENSG00000152931:2     11  9.836e-01 3.977e-01    8.689e-01      7.964e-01	8.675e-01
ENSG00000153006:2(@)ENSG00000153006:3      3  7.032e-01 3.345e-01    9.229e-01      8.957e-01	9.119e-01
ENSG00000153006:1(@)ENSG00000153006:1      2  9.984e-01 9.419e-01    9.986e-01      9.874e-01	9.986e-01
ENSG00000154153:1(@)ENSG00000154153:2     19  9.982e-01 9.402e-01    9.909e-01      8.671e-01	9.907e-01
ENSG00000155511:1(@)ENSG00000155511:1     34  9.811e-01 9.143e-01    9.793e-01      7.818e-01	9.752e-01
ENSG00000157111:1(@)ENSG00000157111:1      1  9.981e-01 7.690e-02    8.875e-01      8.875e-01	8.875e-01
ENSG00000164172:1(@)ENSG00000164172:2      3  9.980e-01 6.082e-03    1.625e-01      1.593e-01	1.625e-01
ENSG00000164181:1(@)ENSG00000164181:1      5  9.953e-01 9.642e-01    9.982e-01      9.615e-01	9.979e-01
ENSG00000164181:3(@)ENSG00000164181:3      4  6.111e-03 7.128e-02    7.983e-02      1.448e-02	1.473e-02
ENSG00000164219:2(@)ENSG00000164219:2      2  2.030e-02 1.097e-02    1.991e-02      9.929e-03	1.003e-02
ENSG00000164237:3(@)ENSG00000164237:2      1  7.503e-03 4.294e-03    6.864e-03      2.921e-03	2.921e-03
ENSG00000164241:1(@)ENSG00000164241:3     20  9.895e-01 5.631e-03    2.545e-02      2.053e-02	2.540e-02
ENSG00000164244:1(@)ENSG00000164244:1     29  9.999e-01 9.032e-01    9.786e-01      8.011e-01	9.786e-01
ENSG00000164244:2(@)ENSG00000164244:3      2  9.999e-01 4.014e-01    9.692e-01      9.594e-01	9.692e-01
ENSG00000164292:1(@)ENSG00000164292:1      1  9.951e-01 9.808e-01    9.998e-01      9.997e-01	9.997e-01
ENSG00000164309:1(@)ENSG00000164309:1     19  9.963e-01 9.873e-01    9.977e-01      8.372e-01	9.970e-01
ENSG00000164331:1(@)ENSG00000164331:2      2  9.881e-01 1.326e-01    9.115e-01      9.078e-01	9.114e-01
ENSG00000164591:1(@)ENSG00000164591:1      1  9.957e-01 4.437e-02    8.143e-01      8.143e-01	8.143e-01
ENSG00000170234:1(@)ENSG00000170234:1      4  9.878e-01 5.901e-01    9.751e-01      9.510e-01	9.746e-01
ENSG00000173261:3(@)ENSG00000173261:2     19  1.961e-02 2.031e-01    2.125e-01      2.669e-02	2.993e-02
ENSG00000173261:1(@)ENSG00000173261:2      1  9.911e-01 1.399e-01    9.386e-01      9.385e-01	9.385e-01
ENSG00000174136:1(@)ENSG00000174136:1     16  5.511e-01 2.738e-03    7.711e-03      5.236e-03	6.550e-03
ENSG00000175426:1(@)ENSG00000175426:1      1  9.993e-01 1.117e-01    9.226e-01      9.226e-01	9.226e-01
ENSG00000175426:3(@)ENSG00000175426:3      1  1.218e-04 1.421e-02    1.335e-02      1.576e-04	1.576e-04
ENSG00000175745:1(@)ENSG00000175745:3     14  5.726e-01 2.489e-04    3.194e-04      8.955e-05	2.184e-04
ENSG00000176018:1(@)ENSG00000176018:1      3  9.843e-01 4.910e-01    9.787e-01      9.692e-01	9.784e-01
ENSG00000176783:2(@)ENSG00000176783:3      4  9.999e-01 1.614e-02    3.114e-01      3.039e-01	3.114e-01
ENSG00000176783:1(@)ENSG00000176783:2     10  9.999e-01 1.426e-01    7.722e-01      7.444e-01	7.722e-01
ENSG00000181104:1(@)ENSG00000181104:1     90  1.670e-01 6.993e-03    7.157e-03      6.803e-04	1.718e-03
ENSG00000183876:1(@)ENSG00000183876:2     32  9.995e-01 8.457e-02    2.722e-01      2.119e-01	2.721e-01
ENSG00000184838:1(@)ENSG00000184838:2     34  9.844e-01 5.908e-02    1.849e-01      1.388e-01	1.841e-01
ENSG00000186493:1(@)ENSG00000186493:2      1  9.978e-01 2.939e-01    9.752e-01      9.752e-01	9.752e-01
ENSG00000188002:1(@)ENSG00000188002:2      5  9.553e-01 4.131e-02    4.763e-01      4.599e-01	4.754e-01
ENSG00000197603:3(@)ENSG00000197603:1     36  9.186e-02 9.757e-01    9.765e-01      1.019e-01	1.782e-01
ENSG00000212643:2(@)ENSG00000212643:2      1  2.189e-02 6.370e-03    1.825e-02      1.254e-02	1.254e-02
ENSG00000213433:1(@)ENSG00000213433:2     40  9.948e-01 5.400e-01    7.275e-01      4.352e-01	7.259e-01
ENSG00000213433:2(@)ENSG00000213433:3      1  6.911e-03 5.278e-03    8.154e-03      3.307e-03	3.307e-03
ENSG00000213523:1(@)ENSG00000213523:2     13  9.993e-01 5.496e-03    7.754e-02      7.353e-02	7.754e-02
ENSG00000213949:1(@)ENSG00000213949:3      7  9.985e-01 2.884e-04    5.553e-03      5.339e-03	5.553e-03
ENSG00000214510:3(@)ENSG00000214510:1     77  1.729e-01 9.947e-01    9.944e-01      2.193e-02	1.840e-01
ENSG00000224186:1(@)ENSG00000224186:1      3  1.000e+00 9.981e-01    9.999e-01      9.782e-01	9.999e-01
ENSG00000224186:2(@)ENSG00000224186:2     97  9.839e-01 6.512e-01    7.986e-01      4.544e-01	7.928e-01
ENSG00000226040:1(@)ENSG00000226040:2    114  9.855e-01 5.712e-02    7.782e-02      2.628e-02	7.703e-02
ENSG00000229666:1(@)ENSG00000229666:1      2  9.989e-01 4.419e-01    9.750e-01      9.661e-01	9.750e-01
ENSG00000232615:1(@)ENSG00000232615:2     18  9.930e-01 9.398e-01    9.922e-01      8.879e-01	9.914e-01
ENSG00000237190:1(@)ENSG00000237190:2      3  9.998e-01 1.987e-01    8.846e-01      8.665e-01	8.846e-01
ENSG00000237190:2(@)ENSG00000237190:3     22  9.998e-01 1.959e-03    4.540e-03      2.755e-03	4.539e-03
ENSG00000239528:2(@)ENSG00000239528:1      2  6.538e-03 9.183e-03    1.080e-02      2.318e-03	2.349e-03
ENSG00000240184:1(@)ENSG00000240184:1     55  2.029e-01 1.499e-01    2.264e-01      1.009e-01	1.247e-01
ENSG00000241809:1(@)ENSG00000241809:1      1  9.999e-01 9.988e-01    1.000e+00      1.000e+00	1.000e+00
ENSG00000242110:1(@)ENSG00000242110:2     14  9.935e-01 2.790e-01    7.803e-01      7.085e-01	7.798e-01
ENSG00000245146:2(@)ENSG00000245146:1     16  9.999e-01 4.697e-01    8.144e-01      6.685e-01	8.144e-01
ENSG00000247199:1(@)ENSG00000247199:1      1  9.962e-01 9.967e-01    1.000e+00      9.999e-01	9.999e-01
ENSG00000248222:2(@)ENSG00000248222:1      8  2.886e-02 5.631e-02    6.425e-02      1.261e-02	1.392e-02
ENSG00000248275:1(@)ENSG00000248275:2     20  9.981e-01 4.314e-01    8.092e-01      6.816e-01	8.089e-01
ENSG00000248445:1(@)ENSG00000248445:2     17  9.992e-01 6.139e-01    9.223e-01      8.158e-01	9.222e-01
ENSG00000248610:1(@)ENSG00000248610:1    120  9.942e-01 7.384e-02    1.151e-01      5.019e-02	1.147e-01
ENSG00000248668:2(@)ENSG00000248668:1     45  4.887e-01 2.942e-02    3.787e-02      1.094e-02	2.376e-02
ENSG00000248791:1(@)ENSG00000248791:1     12  1.000e+00 9.344e-01    9.943e-01      9.286e-01	9.943e-01
ENSG00000248791:2(@)ENSG00000248791:2     64  1.000e+00 8.730e-02    2.210e-01      1.535e-01	2.210e-01
ENSG00000248791:3(@)ENSG00000248791:3     25  1.507e-01 1.232e-02    3.463e-02      2.370e-02	2.509e-02
ENSG00000248846:2(@)ENSG00000248846:2      2  2.126e-03 1.561e-03    1.620e-03      1.743e-04	1.755e-04
ENSG00000249042:1(@)ENSG00000249042:1      7  9.988e-01 3.336e-01    9.031e-01      8.666e-01	9.031e-01
ENSG00000249167:2(@)ENSG00000249167:3     20  9.351e-01 7.169e-03    3.778e-02      3.165e-02	3.735e-02
ENSG00000249201:1(@)ENSG00000249201:1      7  9.973e-01 6.371e-01    9.756e-01      9.452e-01	9.755e-01
ENSG00000249483:3(@)ENSG00000249483:2      2  2.845e-02 4.975e-03    1.092e-02      6.402e-03	6.464e-03
ENSG00000249655:2(@)ENSG00000249655:3      1  9.987e-01 3.108e-02    7.524e-01      7.524e-01	7.524e-01
ENSG00000249655:1(@)ENSG00000249655:1      7  9.997e-01 5.677e-01    9.383e-01      8.717e-01	9.383e-01
ENSG00000249655:3(@)ENSG00000249655:4      2  2.830e-02 9.026e-04    2.855e-03      2.040e-03	2.042e-03
ENSG00000249781:2(@)ENSG00000249781:1     60  1.527e-01 9.999e-01    9.999e-01      5.687e-02	1.952e-01
ENSG00000250669:3(@)ENSG00000250669:3     14  2.737e-01 1.047e-03    4.121e-03      3.184e-03	3.410e-03
ENSG00000251023:2(@)ENSG00000251023:2     12  9.997e-01 4.419e-02    2.921e-01      2.643e-01	2.920e-01
ENSG00000251187:1(@)ENSG00000251187:1     32  6.083e-02 6.968e-02    6.915e-02      4.558e-03	8.291e-03
ENSG00000251189:1(@)ENSG00000251189:1      5  9.996e-01 9.946e-01    9.998e-01      9.799e-01	9.998e-01
ENSG00000251189:2(@)ENSG00000251189:2     13  9.996e-01 9.999e-01    1.000e+00      9.130e-01	1.000e+00
ENSG00000251189:3(@)ENSG00000251189:4     15  3.508e-01 1.318e-01    4.523e-01      3.790e-01	4.016e-01
ENSG00000251513:2(@)ENSG00000251513:3    113  9.987e-02 1.623e-02    1.769e-02      2.695e-03	4.112e-03
ENSG00000251556:1(@)ENSG00000251556:5     80  9.511e-01 2.961e-02    5.745e-02      3.109e-02	5.609e-02
ENSG00000251613:1(@)ENSG00000251613:2      9  9.785e-01 2.768e-02    1.736e-01      1.533e-01	1.731e-01
ENSG00000251666:1(@)ENSG00000251666:1      7  9.967e-01 9.897e-01    9.994e-01      9.588e-01	9.993e-01
ENSG00000253163:1(@)ENSG00000253163:2      3  3.648e-01 1.242e-01    5.837e-01      5.342e-01	5.484e-01
ENSG00000253686:1(@)ENSG00000253686:2      1  9.840e-01 3.184e-01    9.776e-01      9.774e-01	9.774e-01
ENSG00000253767:1(@)ENSG00000253767:2      2  9.962e-01 2.952e-03    1.238e-01      1.226e-01	1.238e-01
ENSG00000253846:2(@)ENSG00000253846:3     45  9.960e-01 1.040e-04    2.830e-04      1.885e-04	2.826e-04
ENSG00000254164:1(@)ENSG00000254164:1      1  9.986e-01 9.575e-01    9.995e-01      9.995e-01	9.995e-01
ENSG00000254226:1(@)ENSG00000254226:1      1  9.989e-01 8.080e-01    9.975e-01      9.975e-01	9.975e-01
ENSG00000254333:3(@)ENSG00000254333:2     13  4.321e-02 1.480e-02    1.616e-02      2.483e-03	3.027e-03
ENSG00000255647:2(@)ENSG00000255647:1     26  2.210e-01 6.708e-01    7.546e-01      2.939e-01	3.901e-01
ENSG00000271714:1(@)ENSG00000271714:1      1  9.935e-01 7.887e-01    9.972e-01      9.971e-01	9.971e-01
ENSG00000271828:3(@)ENSG00000271828:1     53  1.258e-01 9.198e-03    8.652e-03      1.202e-04	1.153e-03
ENSG00000271849:1(@)ENSG00000271849:2    121  9.871e-01 5.970e-01    7.467e-01      4.028e-01	7.420e-01
ENSG00000271918:2(@)ENSG00000271918:1     88  1.165e-01 9.982e-01    9.981e-01      4.436e-02	1.510e-01
ENSG00000272130:2(@)ENSG00000272130:1     11  9.994e-01 6.180e-01    9.757e-01      9.484e-01	9.756e-01
ENSG00000272130:1(@)ENSG00000272130:1      1  9.994e-01 7.559e-03    4.193e-01      4.193e-01	4.193e-01
ENSG00000279118:2(@)ENSG00000279118:2      6  4.422e-02 4.759e-03    5.205e-03      8.021e-04	9.815e-04
ENSG00000279557:2(@)ENSG00000279557:1    161  5.418e-01 9.929e-01    9.938e-01      1.913e-01	6.167e-01
ENSG00000279584:1(@)ENSG00000279584:2    194  9.946e-01 2.257e-01    2.934e-01      1.035e-01	2.923e-01
ENSG00000279799:2(@)ENSG00000279799:2      1  9.999e-01 3.916e-02    7.945e-01      7.945e-01	7.945e-01
ENSG00000279799:1(@)ENSG00000279799:1      1  9.999e-01 3.486e-01    9.807e-01      9.807e-01	9.807e-01
ENSG00000279883:1(@)ENSG00000279883:1      4  9.931e-01 1.879e-01    8.497e-01      8.255e-01	8.495e-01
ENSG00000280159:2(@)ENSG00000280159:1     20  3.155e-01 2.132e-03    2.813e-03      8.467e-04	1.443e-03
ENSG00000283235:1(@)ENSG00000283235:2     50  9.911e-01 6.596e-01    8.518e-01      5.913e-01	8.493e-01
ENSG00000283897:1(@)ENSG00000283897:1     23  9.987e-01 9.565e-01    9.933e-01      8.645e-01	9.931e-01
