                Intercept    -7.750           -
Enrichment (no shrinkage)     4.628       0.135
Enrichment (w/ shrinkage)     4.628       0.135


## Alternative (coloc) parameterization: p1 = 4.301e-04, p2 = 7.421e-04, p12 = 3.269e-05

