                Intercept    -8.271           -
Enrichment (no shrinkage)     4.520       0.036
Enrichment (w/ shrinkage)     4.520       0.036


## Alternative (coloc) parameterization: p1 = 2.557e-04, p2 = 6.496e-04, p12 = 1.527e-05

